// Jest Snapshot v1, https://goo.gl/fbAQLP

exports[`class VideoPlayer extends _react2.default.Component {
  render() {
    const videoUrl = \`https://www.youtube.com/embed/\${this.props.video.id}?autoplay=1\`;
    const statsPath = \`/videos/\${this.props.video.id}/stats\`;

    return (
      _react2.default.createElement('div', { id: 'videoPlayerWrapper', __source: { fileName: _jsxFileName, lineNumber: 11 }, __self: this },
        _react2.default.createElement('header', { className: 'videoHeader', __source: { fileName: _jsxFileName, lineNumber: 12 }, __self: this },
          _react2.default.createElement('h2', { __source: { fileName: _jsxFileName, lineNumber: 13 }, __self: this }, this.props.video.title),
          _react2.default.createElement(_reactRouterDom.Link, { to: statsPath, __source: { fileName: _jsxFileName, lineNumber: 14 }, __self: this }, 'video stats')),

        _react2.default.createElement('iframe', {
          width: '560',
          height: '315',
          src: videoUrl,
          title: this.props.video.id,
          frameBorder: '0',
          allow: 'autoplay; encrypted-media',
          allowFullScreen: true, __source: { fileName: _jsxFileName, lineNumber: 16 }, __self: this }),

        _react2.default.createElement('p', { __source: { fileName: _jsxFileName, lineNumber: 25 }, __self: this }, this.props.video.description),
        _react2.default.createElement('small', { className: 'dateTag', __source: { fileName: _jsxFileName, lineNumber: 26 }, __self: this }, (0, _misc.formatDate)(this.props.video.published_at))));


  }} renders properly 1`] = `
ShallowWrapper {
  "length": 1,
  Symbol(enzyme.__root__): [Circular],
  Symbol(enzyme.__unrendered__): <VideoPlayer
    video={
        Object {
            "description": "Description",
            "id": "123",
            "published_at": "2018",
            "title": "Title",
          }
    }
/>,
  Symbol(enzyme.__renderer__): Object {
    "batchedUpdates": [Function],
    "getNode": [Function],
    "render": [Function],
    "simulateEvent": [Function],
    "unmount": [Function],
  },
  Symbol(enzyme.__node__): Object {
    "instance": null,
    "key": undefined,
    "nodeType": "host",
    "props": Object {
      "children": Array [
        <header
          className="videoHeader"
>
          <h2>
                    Title
          </h2>
          <Link
                    replace={false}
                    to="/videos/123/stats"
          >
                    video stats
          </Link>
</header>,
        <iframe
          allow="autoplay; encrypted-media"
          allowFullScreen={true}
          frameBorder="0"
          height="315"
          src="https://www.youtube.com/embed/123?autoplay=1"
          title="123"
          width="560"
/>,
        <p>
          Description
</p>,
        <small
          className="dateTag"
>
          Mon, 01 Jan 2018 00:00:00 GMT
</small>,
      ],
      "id": "videoPlayerWrapper",
    },
    "ref": null,
    "rendered": Array [
      Object {
        "instance": null,
        "key": undefined,
        "nodeType": "host",
        "props": Object {
          "children": Array [
            <h2>
              Title
</h2>,
            <Link
              replace={false}
              to="/videos/123/stats"
>
              video stats
</Link>,
          ],
          "className": "videoHeader",
        },
        "ref": null,
        "rendered": Array [
          Object {
            "instance": null,
            "key": undefined,
            "nodeType": "host",
            "props": Object {
              "children": "Title",
            },
            "ref": null,
            "rendered": "Title",
            "type": "h2",
          },
          Object {
            "instance": null,
            "key": undefined,
            "nodeType": "class",
            "props": Object {
              "children": "video stats",
              "replace": false,
              "to": "/videos/123/stats",
            },
            "ref": null,
            "rendered": "video stats",
            "type": [Function],
          },
        ],
        "type": "header",
      },
      Object {
        "instance": null,
        "key": undefined,
        "nodeType": "host",
        "props": Object {
          "allow": "autoplay; encrypted-media",
          "allowFullScreen": true,
          "frameBorder": "0",
          "height": "315",
          "src": "https://www.youtube.com/embed/123?autoplay=1",
          "title": "123",
          "width": "560",
        },
        "ref": null,
        "rendered": null,
        "type": "iframe",
      },
      Object {
        "instance": null,
        "key": undefined,
        "nodeType": "host",
        "props": Object {
          "children": "Description",
        },
        "ref": null,
        "rendered": "Description",
        "type": "p",
      },
      Object {
        "instance": null,
        "key": undefined,
        "nodeType": "host",
        "props": Object {
          "children": "Mon, 01 Jan 2018 00:00:00 GMT",
          "className": "dateTag",
        },
        "ref": null,
        "rendered": "Mon, 01 Jan 2018 00:00:00 GMT",
        "type": "small",
      },
    ],
    "type": "div",
  },
  Symbol(enzyme.__nodes__): Array [
    Object {
      "instance": null,
      "key": undefined,
      "nodeType": "host",
      "props": Object {
        "children": Array [
          <header
            className="videoHeader"
>
            <h2>
                        Title
            </h2>
            <Link
                        replace={false}
                        to="/videos/123/stats"
            >
                        video stats
            </Link>
</header>,
          <iframe
            allow="autoplay; encrypted-media"
            allowFullScreen={true}
            frameBorder="0"
            height="315"
            src="https://www.youtube.com/embed/123?autoplay=1"
            title="123"
            width="560"
/>,
          <p>
            Description
</p>,
          <small
            className="dateTag"
>
            Mon, 01 Jan 2018 00:00:00 GMT
</small>,
        ],
        "id": "videoPlayerWrapper",
      },
      "ref": null,
      "rendered": Array [
        Object {
          "instance": null,
          "key": undefined,
          "nodeType": "host",
          "props": Object {
            "children": Array [
              <h2>
                Title
</h2>,
              <Link
                replace={false}
                to="/videos/123/stats"
>
                video stats
</Link>,
            ],
            "className": "videoHeader",
          },
          "ref": null,
          "rendered": Array [
            Object {
              "instance": null,
              "key": undefined,
              "nodeType": "host",
              "props": Object {
                "children": "Title",
              },
              "ref": null,
              "rendered": "Title",
              "type": "h2",
            },
            Object {
              "instance": null,
              "key": undefined,
              "nodeType": "class",
              "props": Object {
                "children": "video stats",
                "replace": false,
                "to": "/videos/123/stats",
              },
              "ref": null,
              "rendered": "video stats",
              "type": [Function],
            },
          ],
          "type": "header",
        },
        Object {
          "instance": null,
          "key": undefined,
          "nodeType": "host",
          "props": Object {
            "allow": "autoplay; encrypted-media",
            "allowFullScreen": true,
            "frameBorder": "0",
            "height": "315",
            "src": "https://www.youtube.com/embed/123?autoplay=1",
            "title": "123",
            "width": "560",
          },
          "ref": null,
          "rendered": null,
          "type": "iframe",
        },
        Object {
          "instance": null,
          "key": undefined,
          "nodeType": "host",
          "props": Object {
            "children": "Description",
          },
          "ref": null,
          "rendered": "Description",
          "type": "p",
        },
        Object {
          "instance": null,
          "key": undefined,
          "nodeType": "host",
          "props": Object {
            "children": "Mon, 01 Jan 2018 00:00:00 GMT",
            "className": "dateTag",
          },
          "ref": null,
          "rendered": "Mon, 01 Jan 2018 00:00:00 GMT",
          "type": "small",
        },
      ],
      "type": "div",
    },
  ],
  Symbol(enzyme.__options__): Object {
    "adapter": ReactSixteenAdapter {
      "options": Object {
        "enableComponentDidUpdateOnSetState": true,
      },
    },
  },
}
`;
