// Jest Snapshot v1, https://goo.gl/fbAQLP

exports[`class VideoStats extends _react2.default.Component {
  constructor(props) {
    super(props);

    this.state = {
      pageLoaded: false,
      stats: {} };


    this.fetchStats = this.fetchStats.bind(this);
  }

  componentDidMount() {
    this._isMounted = true;
    if (this._isMounted) {
      this.fetchStats();
    }
  }

  componentWillUnmount() {
    this._isMounted = false;
  }

  fetchStats() {
    return (0, _videos.getVidStatsApi)(this.props.video.id).
    then(data => {
      this.setState({ pageLoaded: true, stats: data });
    }).catch(err => {
      this.props.displayMessage('There was an error getting the stats.');
    });
  }

  render() {
    const videoPath = \`/videos/\${this.props.video.id}\`;
    let content;

    if (this.state.pageLoaded) {
      content =
      _react2.default.createElement('div', { __source: { fileName: _jsxFileName, lineNumber: 44 }, __self: this },
        _react2.default.createElement('h2', { __source: { fileName: _jsxFileName, lineNumber: 45 }, __self: this }, 'Stats for ', _react2.default.createElement(_reactRouterDom.Link, { to: videoPath, __source: { fileName: _jsxFileName, lineNumber: 45 }, __self: this }, this.props.video.title)),
        _react2.default.createElement('ul', { __source: { fileName: _jsxFileName, lineNumber: 46 }, __self: this },
          _react2.default.createElement('li', { __source: { fileName: _jsxFileName, lineNumber: 47 }, __self: this },
            _react2.default.createElement('dl', { __source: { fileName: _jsxFileName, lineNumber: 48 }, __self: this },
              _react2.default.createElement('dt', { __source: { fileName: _jsxFileName, lineNumber: 49 }, __self: this }, 'Video Age:'),
              _react2.default.createElement('dd', { __source: { fileName: _jsxFileName, lineNumber: 50 }, __self: this }, this.state.stats.video_age, ' hours'))),


          _react2.default.createElement('li', { __source: { fileName: _jsxFileName, lineNumber: 53 }, __self: this },
            _react2.default.createElement('dl', { __source: { fileName: _jsxFileName, lineNumber: 54 }, __self: this },
              _react2.default.createElement('dt', { __source: { fileName: _jsxFileName, lineNumber: 55 }, __self: this }, 'Current Stream Age:'),
              _react2.default.createElement('dd', { __source: { fileName: _jsxFileName, lineNumber: 56 }, __self: this }, this.state.stats.stream_age, ' hours'))),


          _react2.default.createElement('li', { __source: { fileName: _jsxFileName, lineNumber: 59 }, __self: this },
            _react2.default.createElement('dl', { __source: { fileName: _jsxFileName, lineNumber: 60 }, __self: this },
              _react2.default.createElement('dt', { __source: { fileName: _jsxFileName, lineNumber: 61 }, __self: this }, 'Total Comments in Stream:'),
              _react2.default.createElement('dd', { __source: { fileName: _jsxFileName, lineNumber: 62 }, __self: this }, this.state.stats.total_comments))),


          _react2.default.createElement('li', { __source: { fileName: _jsxFileName, lineNumber: 65 }, __self: this },
            _react2.default.createElement('dl', { __source: { fileName: _jsxFileName, lineNumber: 66 }, __self: this },
              _react2.default.createElement('dt', { __source: { fileName: _jsxFileName, lineNumber: 67 }, __self: this }, 'Avg Comments Per Hour:'),
              _react2.default.createElement('dd', { __source: { fileName: _jsxFileName, lineNumber: 68 }, __self: this }, this.state.stats.comments_per_hour)))));





    } else {
      content = _react2.default.createElement(_Misc.PageLoading, { __source: { fileName: _jsxFileName, lineNumber: 75 }, __self: this });
    }

    return (
      _react2.default.createElement('div', { __source: { fileName: _jsxFileName, lineNumber: 79 }, __self: this },
        content));


  }} renders properly 1`] = `
ShallowWrapper {
  "length": 1,
  Symbol(enzyme.__root__): [Circular],
  Symbol(enzyme.__unrendered__): <VideoStats
    displayMessage={[Function]}
    video={
        Object {
            "id": "123",
            "title": "Title",
          }
    }
/>,
  Symbol(enzyme.__renderer__): Object {
    "batchedUpdates": [Function],
    "getNode": [Function],
    "render": [Function],
    "simulateEvent": [Function],
    "unmount": [Function],
  },
  Symbol(enzyme.__node__): Object {
    "instance": null,
    "key": undefined,
    "nodeType": "host",
    "props": Object {
      "children": <PageLoading />,
    },
    "ref": null,
    "rendered": Object {
      "instance": null,
      "key": undefined,
      "nodeType": "class",
      "props": Object {},
      "ref": null,
      "rendered": null,
      "type": [Function],
    },
    "type": "div",
  },
  Symbol(enzyme.__nodes__): Array [
    Object {
      "instance": null,
      "key": undefined,
      "nodeType": "host",
      "props": Object {
        "children": <PageLoading />,
      },
      "ref": null,
      "rendered": Object {
        "instance": null,
        "key": undefined,
        "nodeType": "class",
        "props": Object {},
        "ref": null,
        "rendered": null,
        "type": [Function],
      },
      "type": "div",
    },
  ],
  Symbol(enzyme.__options__): Object {
    "adapter": ReactSixteenAdapter {
      "options": Object {
        "enableComponentDidUpdateOnSetState": true,
      },
    },
  },
}
`;
